
   FAIL  Tests\Feature\Api\CheckoutControllerTest
  Γ¿» authenticatΓÇª 0.56s  
  Γ¿» authenticated user can create payment intent for task service
  Γ¿» confirm payment updates transaction status
  ΓöÇΓöÇΓöÇΓöÇΓöÇΓöÇΓöÇΓöÇΓöÇΓöÇΓöÇΓöÇΓöÇΓöÇΓöÇΓöÇΓöÇΓöÇΓöÇΓöÇ  
  ΓÇª  RuntimeException   
  Could not load mock Laravel\Cashier\Cashier, class already exists

  at tests\Feature\Api\CheckoutControllerTest.php:43
     39Γûò         $mockStripe->paymentIntents = $mockPaymentIntents;
     40Γûò         $mockPaymentIntents->shouldReceive('create')->once()->andReturn($mockIntent);
     41Γûò 
     42Γûò         // Mock Cashier::stripe()
  Γ₧£  43Γûò         Mockery::mock('alias:Laravel\Cashier\Cashier')
     44Γûò             ->shouldReceive('stripe')
     45Γûò             ->andReturn($mockStripe);
     46Γûò 
     47Γûò         $response = $this->withHeader('Authorization', 'Bearer ' . $token)

  ΓöÇΓöÇΓöÇΓöÇΓöÇΓöÇΓöÇΓöÇΓöÇΓöÇΓöÇΓöÇΓöÇΓöÇΓöÇΓöÇΓöÇΓöÇΓöÇΓöÇ  
   FAIΓÇª  PDOException   
  SQLSTATE[HY000]: General error: 1 cannot start a transaction within a transaction

  at vendor\laravel\framework\src\Illuminate\Database\SQLiteConnection.php:33
     29Γûò     {
     30Γûò         if (version_compare(PHP_VERSION, '8.4.0', '>=')) {
     31Γûò             $mode = $this->getConfig('transaction_mode') ?? 'DEFERRED';
     32Γûò 
  Γ₧£  33Γûò             $this->getPdo()->exec("BEGIN {$mode} TRANSACTION");
     34Γûò 
     35Γûò             return;
     36Γûò         }
     37Γûò

  1   vendor\laravel\framework\src\Illuminate\Database\SQLiteConnection.php:33
  2   vendor\laravel\framework\src\Illuminate\Database\Concerns\ManagesTransactions.php:154

  ΓöÇΓöÇΓöÇΓöÇΓöÇΓöÇΓöÇΓöÇΓöÇΓöÇΓöÇΓöÇΓöÇΓöÇΓöÇΓöÇΓöÇΓöÇΓöÇΓöÇ  
   FAIΓÇª  PDOException   
  SQLSTATE[HY000]: General error: 1 cannot start a transaction within a transaction

  at vendor\laravel\framework\src\Illuminate\Database\SQLiteConnection.php:33
     29Γûò     {
     30Γûò         if (version_compare(PHP_VERSION, '8.4.0', '>=')) {
     31Γûò             $mode = $this->getConfig('transaction_mode') ?? 'DEFERRED';
     32Γûò 
  Γ₧£  33Γûò             $this->getPdo()->exec("BEGIN {$mode} TRANSACTION");
     34Γûò 
     35Γûò             return;
     36Γûò         }
     37Γûò

  1   vendor\laravel\framework\src\Illuminate\Database\SQLiteConnection.php:33
  2   vendor\laravel\framework\src\Illuminate\Database\Concerns\ManagesTransactions.php:154


  Tests:    3 failed (0 assertions)
  Duration: 0.88s

