﻿
  [44;1m INFO [49;22m Warning: The use statement with non-compound name 'Mockery' has no effect in C:\Projects\Laravel\zimmz\tests\Feature\Api\GoogleAuthTest.php on line 7.


   FAIL  Tests\Feature\Api\GoogleAuthTest
  Γ£ô it redirectΓÇª 0.34s  
  Γ£ô it handlesΓÇª  0.06s  
  Γ¿» it handlesΓÇª  0.05s  
  Γ£ô it links exΓÇª 0.05s  
  ΓöÇΓöÇΓöÇΓöÇΓöÇΓöÇΓöÇΓöÇΓöÇΓöÇΓöÇΓöÇΓöÇΓöÇΓöÇΓöÇΓöÇΓöÇΓöÇΓöÇ  
   FAILED  Tests\FeaΓÇª   
  Expected response status code [200] but received 500.
Failed asserting that 500 is identical to 200.

The following exception occurred during the last request:

PDOException: SQLSTATE[23000]: Integrity constraint violation: 19 NOT NULL constraint failed: runners.category in C:\Projects\Laravel\zimmz\vendor\laravel\framework\src\Illuminate\Database\Connection.php:584
Stack trace:
#0 C:\Projects\Laravel\zimmz\vendor\laravel\framework\src\Illuminate\Database\Connection.php(584): PDOStatement->execute()
#1 C:\Projects\Laravel\zimmz\vendor\laravel\framework\src\Illuminate\Database\Connection.php(827): Illuminate\Database\Connection->{closure:Illuminate\Database\Connection::statement():573}('insert into "ru...', Array)
#2 C:\Projects\Laravel\zimmz\vendor\laravel\framework\src\Illuminate\Database\Connection.php(794): Illuminate\Database\Connection->runQueryCallback('insert into "ru...', Array, Object(Closure))
#3 C:\Projects\Laravel\zimmz\vendor\laravel\framework\src\Illuminate\Database\Connection.php(573): Illuminate\Database\Connection->run('insert into "ru...', Array, Object(Closure))
#4 C:\Projects\Laravel\zimmz\vendor\laravel\framework\src\Illuminate\Database\Connection.php(537): Illuminate\Database\Connection->statement('insert into "ru...', Array)
#5 C:\Projects\Laravel\zimmz\vendor\laravel\framework\src\Illuminate\Database\Query\Processors\Processor.php(32): Illuminate\Database\Connection->insert('insert into "ru...', Array)
#6 C:\Projects\Laravel\zimmz\vendor\laravel\framework\src\Illuminate\Database\Query\Builder.php(4103): Illuminate\Database\Query\Processors\Processor->processInsertGetId(Object(Illuminate\Database\Query\Builder), 'insert into "ru...', Array, 'id')
#7 C:\Projects\Laravel\zimmz\vendor\laravel\framework\src\Illuminate\Database\Eloquent\Builder.php(2235): Illuminate\Database\Query\Builder->insertGetId(Array, 'id')
#8 C:\Projects\Laravel\zimmz\vendor\laravel\framework\src\Illuminate\Database\Eloquent\Model.php(1436): Illuminate\Database\Eloquent\Builder->__call('insertGetId', Array)
#9 C:\Projects\Laravel\zimmz\vendor\laravel\framework\src\Illuminate\Database\Eloquent\Model.php(1401): Illuminate\Database\Eloquent\Model->insertAndSetId(Object(Illuminate\Database\Eloquent\Builder), Array)
#10 C:\Projects\Laravel\zimmz\vendor\laravel\framework\src\Illuminate\Database\Eloquent\Model.php(1240): Illuminate\Database\Eloquent\Model->performInsert(Object(Illuminate\Database\Eloquent\Builder))
#11 C:\Projects\Laravel\zimmz\vendor\laravel\framework\src\Illuminate\Database\Eloquent\Builder.php(1219): Illuminate\Database\Eloquent\Model->save()
#12 C:\Projects\Laravel\zimmz\vendor\laravel\framework\src\Illuminate\Support\helpers.php(388): Illuminate\Database\Eloquent\Builder->{closure:Illuminate\Database\Eloquent\Builder::create():1218}(Object(App\Models\Runner))
#13 C:\Projects\Laravel\zimmz\vendor\laravel\framework\src\Illuminate\Database\Eloquent\Builder.php(1218): tap(Object(App\Models\Runner), Object(Closure))
#14 C:\Projects\Laravel\zimmz\vendor\laravel\framework\src\Illuminate\Support\Traits\ForwardsCalls.php(23): Illuminate\Database\Eloquent\Builder->create(Array)
#15 C:\Projects\Laravel\zimmz\vendor\laravel\framework\src\Illuminate\Database\Eloquent\Model.php(2540): Illuminate\Database\Eloquent\Model->forwardCallTo(Object(Illuminate\Database\Eloquent\Builder), 'create', Array)
#16 C:\Projects\Laravel\zimmz\vendor\laravel\framework\src\Illuminate\Database\Eloquent\Model.php(2556): Illuminate\Database\Eloquent\Model->__call('create', Array)
#17 C:\Projects\Laravel\zimmz\app\Http\Controllers\Api\AuthController.php(283): Illuminate\Database\Eloquent\Model::__callStatic('create', Array)
#18 C:\Projects\Laravel\zimmz\vendor\laravel\framework\src\Illuminate\Routing\ControllerDispatcher.php(46): App\Http\Controllers\Api\AuthController->handleGoogleCallback(Object(Illuminate\Http\Request))
#19 C:\Projects\Laravel\zimmz\vendor\laravel\framework\src\Illuminate\Routing\Route.php(265): Illuminate\Routing\ControllerDispatcher->dispatch(Object(Illuminate\Routing\Route), Object(App\Http\Controllers\Api\AuthController), 'handleGoogleCal...')
#20 C:\Projects\Laravel\zimmz\vendor\laravel\framework\src\Illuminate\Routing\Route.php(211): Illuminate\Routing\Route->runController()
#21 C:\Projects\Laravel\zimmz\vendor\laravel\framework\src\Illuminate\Routing\Router.php(822): Illuminate\Routing\Route->run()
#22 C:\Projects\Laravel\zimmz\vendor\laravel\framework\src\Illuminate\Pipeline\Pipeline.php(180): Illuminate\Routing\Router->{closure:Illuminate\Routing\Router::runRouteWithinStack():821}(Object(Illuminate\Http\Request))
#23 C:\Projects\Laravel\zimmz\vendor\laravel\framework\src\Illuminate\Routing\Middleware\SubstituteBindings.php(50): Illuminate\Pipeline\Pipeline->{closure:Illuminate\Pipeline\Pipeline::prepareDestination():178}(Object(Illuminate\Http\Request))
#24 C:\Projects\Laravel\zimmz\vendor\laravel\framework\src\Illuminate\Pipeline\Pipeline.php(219): Illuminate\Routing\Middleware\SubstituteBindings->handle(Object(Illuminate\Http\Request), Object(Closure))
#25 C:\Projects\Laravel\zimmz\vendor\laravel\framework\src\Illuminate\Pipeline\Pipeline.php(137): Illuminate\Pipeline\Pipeline->{closure:{closure:Illuminate\Pipeline\Pipeline::carry():194}:195}(Object(Illuminate\Http\Request))
#26 C:\Projects\Laravel\zimmz\vendor\laravel\framework\src\Illuminate\Routing\Router.php(821): Illuminate\Pipeline\Pipeline->then(Object(Closure))
#27 C:\Projects\Laravel\zimmz\vendor\laravel\framework\src\Illuminate\Routing\Router.php(800): Illuminate\Routing\Router->runRouteWithinStack(Object(Illuminate\Routing\Route), Object(Illuminate\Http\Request))
#28 C:\Projects\Laravel\zimmz\vendor\laravel\framework\src\Illuminate\Routing\Router.php(764): Illuminate\Routing\Router->runRoute(Object(Illuminate\Http\Request), Object(Illuminate\Routing\Route))
#29 C:\Projects\Laravel\zimmz\vendor\laravel\framework\src\Illuminate\Routing\Router.php(753): Illuminate\Routing\Router->dispatchToRoute(Object(Illuminate\Http\Request))
#30 C:\Projects\Laravel\zimmz\vendor\laravel\framework\src\Illuminate\Foundation\Http\Kernel.php(200): Illuminate\Routing\Router->dispatch(Object(Illuminate\Http\Request))
#31 C:\Projects\Laravel\zimmz\vendor\laravel\framework\src\Illuminate\Pipeline\Pipeline.php(180): Illuminate\Foundation\Http\Kernel->{closure:Illuminate\Foundation\Http\Kernel::dispatchToRouter():197}(Object(Illuminate\Http\Request))
#32 C:\Projects\Laravel\zimmz\app\Http\Middleware\NgrokForceHttpsMiddleware.php(21): Illuminate\Pipeline\Pipeline->{closure:Illuminate\Pipeline\Pipeline::prepareDestination():178}(Object(Illuminate\Http\Request))
#33 C:\Projects\Laravel\zimmz\vendor\laravel\framework\src\Illuminate\Pipeline\Pipeline.php(219): App\Http\Middleware\NgrokForceHttpsMiddleware->handle(Object(Illuminate\Http\Request), Object(Closure))
#34 C:\Projects\Laravel\zimmz\vendor\laravel\framework\src\Illuminate\Foundation\Http\Middleware\TransformsRequest.php(21): Illuminate\Pipeline\Pipeline->{closure:{closure:Illuminate\Pipeline\Pipeline::carry():194}:195}(Object(Illuminate\Http\Request))
#35 C:\Projects\Laravel\zimmz\vendor\laravel\framework\src\Illuminate\Foundation\Http\Middleware\ConvertEmptyStringsToNull.php(31): Illuminate\Foundation\Http\Middleware\TransformsRequest->handle(Object(Illuminate\Http\Request), Object(Closure))
#36 C:\Projects\Laravel\zimmz\vendor\laravel\framework\src\Illuminate\Pipeline\Pipeline.php(219): Illuminate\Foundation\Http\Middleware\ConvertEmptyStringsToNull->handle(Object(Illuminate\Http\Request), Object(Closure))
#37 C:\Projects\Laravel\zimmz\vendor\laravel\framework\src\Illuminate\Foundation\Http\Middleware\TransformsRequest.php(21): Illuminate\Pipeline\Pipeline->{closure:{closure:Illuminate\Pipeline\Pipeline::carry():194}:195}(Object(Illuminate\Http\Request))
#38 C:\Projects\Laravel\zimmz\vendor\laravel\framework\src\Illuminate\Foundation\Http\Middleware\TrimStrings.php(51): Illuminate\Foundation\Http\Middleware\TransformsRequest->handle(Object(Illuminate\Http\Request), Object(Closure))
#39 C:\Projects\Laravel\zimmz\vendor\laravel\framework\src\Illuminate\Pipeline\Pipeline.php(219): Illuminate\Foundation\Http\Middleware\TrimStrings->handle(Object(Illuminate\Http\Request), Object(Closure))
#40 C:\Projects\Laravel\zimmz\vendor\laravel\framework\src\Illuminate\Http\Middleware\ValidatePostSize.php(27): Illuminate\Pipeline\Pipeline->{closure:{closure:Illuminate\Pipeline\Pipeline::carry():194}:195}(Object(Illuminate\Http\Request))
#41 C:\Projects\Laravel\zimmz\vendor\laravel\framework\src\Illuminate\Pipeline\Pipeline.php(219): Illuminate\Http\Middleware\ValidatePostSize->handle(Object(Illuminate\Http\Request), Object(Closure))
#42 C:\Projects\Laravel\zimmz\vendor\laravel\framework\src\Illuminate\Foundation\Http\Middleware\PreventRequestsDuringMaintenance.php(109): Illuminate\Pipeline\Pipeline->{closure:{closure:Illuminate\Pipeline\Pipeline::carry():194}:195}(Object(Illuminate\Http\Request))
#43 C:\Projects\Laravel\zimmz\vendor\laravel\framework\src\Illuminate\Pipeline\Pipeline.php(219): Illuminate\Foundation\Http\Middleware\PreventRequestsDuringMaintenance->handle(Object(Illuminate\Http\Request), Object(Closure))
#44 C:\Projects\Laravel\zimmz\vendor\laravel\framework\src\Illuminate\Http\Middleware\HandleCors.php(74): Illuminate\Pipeline\Pipeline->{closure:{closure:Illuminate\Pipeline\Pipeline::carry():194}:195}(Object(Illuminate\Http\Request))
#45 C:\Projects\Laravel\zimmz\vendor\laravel\framework\src\Illuminate\Pipeline\Pipeline.php(219): Illuminate\Http\Middleware\HandleCors->handle(Object(Illuminate\Http\Request), Object(Closure))
#46 C:\Projects\Laravel\zimmz\vendor\laravel\framework\src\Illuminate\Http\Middleware\TrustProxies.php(58): Illuminate\Pipeline\Pipeline->{closure:{closure:Illuminate\Pipeline\Pipeline::carry():194}:195}(Object(Illuminate\Http\Request))
#47 C:\Projects\Laravel\zimmz\vendor\laravel\framework\src\Illuminate\Pipeline\Pipeline.php(219): Illuminate\Http\Middleware\TrustProxies->handle(Object(Illuminate\Http\Request), Object(Closure))
#48 C:\Projects\Laravel\zimmz\vendor\laravel\framework\src\Illuminate\Foundation\Http\Middleware\InvokeDeferredCallbacks.php(22): Illuminate\Pipeline\Pipeline->{closure:{closure:Illuminate\Pipeline\Pipeline::carry():194}:195}(Object(Illuminate\Http\Request))
#49 C:\Projects\Laravel\zimmz\vendor\laravel\framework\src\Illuminate\Pipeline\Pipeline.php(219): Illuminate\Foundation\Http\Middleware\InvokeDeferredCallbacks->handle(Object(Illuminate\Http\Request), Object(Closure))
#50 C:\Projects\Laravel\zimmz\vendor\laravel\framework\src\Illuminate\Http\Middleware\ValidatePathEncoding.php(26): Illuminate\Pipeline\Pipeline->{closure:{closure:Illuminate\Pipeline\Pipeline::carry():194}:195}(Object(Illuminate\Http\Request))
#51 C:\Projects\Laravel\zimmz\vendor\laravel\framework\src\Illuminate\Pipeline\Pipeline.php(219): Illuminate\Http\Middleware\ValidatePathEncoding->handle(Object(Illuminate\Http\Request), Object(Closure))
#52 C:\Projects\Laravel\zimmz\vendor\laravel\framework\src\Illuminate\Pipeline\Pipeline.php(137): Illuminate\Pipeline\Pipeline->{closure:{closure:Illuminate\Pipeline\Pipeline::carry():194}:195}(Object(Illuminate\Http\Request))
#53 C:\Projects\Laravel\zimmz\vendor\laravel\framework\src\Illuminate\Foundation\Http\Kernel.php(175): Illuminate\Pipeline\Pipeline->then(Object(Closure))
#54 C:\Projects\Laravel\zimmz\vendor\laravel\framework\src\Illuminate\Foundation\Http\Kernel.php(144): Illuminate\Foundation\Http\Kernel->sendRequestThroughRouter(Object(Illuminate\Http\Request))
#55 C:\Projects\Laravel\zimmz\vendor\laravel\framework\src\Illuminate\Foundation\Testing\Concerns\MakesHttpRequests.php(607): Illuminate\Foundation\Http\Kernel->handle(Object(Illuminate\Http\Request))
#56 C:\Projects\Laravel\zimmz\vendor\laravel\framework\src\Illuminate\Foundation\Testing\Concerns\MakesHttpRequests.php(573): Illuminate\Foundation\Testing\TestCase->call('GET', '/api/auth/googl...', Array, Array, Array, Array, '[]')
#57 C:\Projects\Laravel\zimmz\vendor\laravel\framework\src\Illuminate\Foundation\Testing\Concerns\MakesHttpRequests.php(381): Illuminate\Foundation\Testing\TestCase->json('GET', '/api/auth/googl...', Array, Array, 0)
#58 C:\Projects\Laravel\zimmz\tests\Feature\Api\GoogleAuthTest.php(57): Illuminate\Foundation\Testing\TestCase->getJson('/api/auth/googl...')
#59 C:\Projects\Laravel\zimmz\vendor\pestphp\pest\src\Factories\TestCaseMethodFactory.php(168): P\Tests\Feature\Api\GoogleAuthTest->{closure:C:\Projects\Laravel\zimmz\tests\Feature\Api\GoogleAuthTest.php:45}()
#60 [internal function]: P\Tests\Feature\Api\GoogleAuthTest->{closure:Pest\Factories\TestCaseMethodFactory::getClosure():158}()
#61 C:\Projects\Laravel\zimmz\vendor\pestphp\pest\src\Concerns\Testable.php(429): call_user_func_array(Object(Closure), Array)
#62 C:\Projects\Laravel\zimmz\vendor\pestphp\pest\src\Support\ExceptionTrace.php(26): P\Tests\Feature\Api\GoogleAuthTest->{closure:Pest\Concerns\Testable::__callClosure():429}()
#63 C:\Projects\Laravel\zimmz\vendor\pestphp\pest\src\Concerns\Testable.php(429): Pest\Support\ExceptionTrace::ensure(Object(Closure))
#64 C:\Projects\Laravel\zimmz\vendor\pestphp\pest\src\Concerns\Testable.php(331): P\Tests\Feature\Api\GoogleAuthTest->__callClosure(Object(Closure), Array)
#65 C:\Projects\Laravel\zimmz\vendor\pestphp\pest\src\Factories\TestCaseFactory.php(169) : eval()'d code(35): P\Tests\Feature\Api\GoogleAuthTest->__runTest(Object(Closure))
#66 C:\Projects\Laravel\zimmz\vendor\phpunit\phpunit\src\Framework\TestCase.php(1332): P\Tests\Feature\Api\GoogleAuthTest->__pest_evaluable_it_handles_google_callback_and_creates_a_new_runner()
#67 C:\Projects\Laravel\zimmz\vendor\phpunit\phpunit\src\Framework\TestCase.php(519): PHPUnit\Framework\TestCase->runTest()
#68 C:\Projects\Laravel\zimmz\vendor\phpunit\phpunit\src\Framework\TestRunner\TestRunner.php(99): PHPUnit\Framework\TestCase->runBare()
#69 C:\Projects\Laravel\zimmz\vendor\phpunit\phpunit\src\Framework\TestCase.php(359): PHPUnit\Framework\TestRunner->run(Object(P\Tests\Feature\Api\GoogleAuthTest))
#70 C:\Projects\Laravel\zimmz\vendor\phpunit\phpunit\src\Framework\TestSuite.php(374): PHPUnit\Framework\TestCase->run()
#71 C:\Projects\Laravel\zimmz\vendor\phpunit\phpunit\src\Framework\TestSuite.php(374): PHPUnit\Framework\TestSuite->run()
#72 C:\Projects\Laravel\zimmz\vendor\phpunit\phpunit\src\Framework\TestSuite.php(374): PHPUnit\Framework\TestSuite->run()
#73 C:\Projects\Laravel\zimmz\vendor\phpunit\phpunit\src\TextUI\TestRunner.php(64): PHPUnit\Framework\TestSuite->run()
#74 C:\Projects\Laravel\zimmz\vendor\phpunit\phpunit\src\TextUI\Application.php(229): PHPUnit\TextUI\TestRunner->run(Object(PHPUnit\TextUI\Configuration\Configuration), Object(PHPUnit\Runner\ResultCache\DefaultResultCache), Object(PHPUnit\Framework\TestSuite))
#75 C:\Projects\Laravel\zimmz\vendor\pestphp\pest\src\Kernel.php(103): PHPUnit\TextUI\Application->run(Array)
#76 C:\Projects\Laravel\zimmz\vendor\pestphp\pest\bin\pest(184): Pest\Kernel->handle(Array, Array)
#77 C:\Projects\Laravel\zimmz\vendor\pestphp\pest\bin\pest(192): {closure:C:\Projects\Laravel\zimmz\vendor\pestphp\pest\bin\pest:18}()
#78 {main}

Next Illuminate\Database\QueryException: SQLSTATE[23000]: Integrity constraint violation: 19 NOT NULL constraint failed: runners.category (Connection: sqlite, Database: :memory:, SQL: insert into "runners" ("user_id", "type", "updated_at", "created_at") values (1, registered, 2026-03-18 08:40:38, 2026-03-18 08:40:38)) in C:\Projects\Laravel\zimmz\vendor\laravel\framework\src\Illuminate\Database\Connection.php:838
Stack trace:
#0 C:\Projects\Laravel\zimmz\vendor\laravel\framework\src\Illuminate\Database\Connection.php(794): Illuminate\Database\Connection->runQueryCallback('insert into "ru...', Array, Object(Closure))
#1 C:\Projects\Laravel\zimmz\vendor\laravel\framework\src\Illuminate\Database\Connection.php(573): Illuminate\Database\Connection->run('insert into "ru...', Array, Object(Closure))
#2 C:\Projects\Laravel\zimmz\vendor\laravel\framework\src\Illuminate\Database\Connection.php(537): Illuminate\Database\Connection->statement('insert into "ru...', Array)
#3 C:\Projects\Laravel\zimmz\vendor\laravel\framework\src\Illuminate\Database\Query\Processors\Processor.php(32): Illuminate\Database\Connection->insert('insert into "ru...', Array)
#4 C:\Projects\Laravel\zimmz\vendor\laravel\framework\src\Illuminate\Database\Query\Builder.php(4103): Illuminate\Database\Query\Processors\Processor->processInsertGetId(Object(Illuminate\Database\Query\Builder), 'insert into "ru...', Array, 'id')
#5 C:\Projects\Laravel\zimmz\vendor\laravel\framework\src\Illuminate\Database\Eloquent\Builder.php(2235): Illuminate\Database\Query\Builder->insertGetId(Array, 'id')
#6 C:\Projects\Laravel\zimmz\vendor\laravel\framework\src\Illuminate\Database\Eloquent\Model.php(1436): Illuminate\Database\Eloquent\Builder->__call('insertGetId', Array)
#7 C:\Projects\Laravel\zimmz\vendor\laravel\framework\src\Illuminate\Database\Eloquent\Model.php(1401): Illuminate\Database\Eloquent\Model->insertAndSetId(Object(Illuminate\Database\Eloquent\Builder), Array)
#8 C:\Projects\Laravel\zimmz\vendor\laravel\framework\src\Illuminate\Database\Eloquent\Model.php(1240): Illuminate\Database\Eloquent\Model->performInsert(Object(Illuminate\Database\Eloquent\Builder))
#9 C:\Projects\Laravel\zimmz\vendor\laravel\framework\src\Illuminate\Database\Eloquent\Builder.php(1219): Illuminate\Database\Eloquent\Model->save()
#10 C:\Projects\Laravel\zimmz\vendor\laravel\framework\src\Illuminate\Support\helpers.php(388): Illuminate\Database\Eloquent\Builder->{closure:Illuminate\Database\Eloquent\Builder::create():1218}(Object(App\Models\Runner))
#11 C:\Projects\Laravel\zimmz\vendor\laravel\framework\src\Illuminate\Database\Eloquent\Builder.php(1218): tap(Object(App\Models\Runner), Object(Closure))
#12 C:\Projects\Laravel\zimmz\vendor\laravel\framework\src\Illuminate\Support\Traits\ForwardsCalls.php(23): Illuminate\Database\Eloquent\Builder->create(Array)
#13 C:\Projects\Laravel\zimmz\vendor\laravel\framework\src\Illuminate\Database\Eloquent\Model.php(2540): Illuminate\Database\Eloquent\Model->forwardCallTo(Object(Illuminate\Database\Eloquent\Builder), 'create', Array)
#14 C:\Projects\Laravel\zimmz\vendor\laravel\framework\src\Illuminate\Database\Eloquent\Model.php(2556): Illuminate\Database\Eloquent\Model->__call('create', Array)
#15 C:\Projects\Laravel\zimmz\app\Http\Controllers\Api\AuthController.php(283): Illuminate\Database\Eloquent\Model::__callStatic('create', Array)
#16 C:\Projects\Laravel\zimmz\vendor\laravel\framework\src\Illuminate\Routing\ControllerDispatcher.php(46): App\Http\Controllers\Api\AuthController->handleGoogleCallback(Object(Illuminate\Http\Request))
#17 C:\Projects\Laravel\zimmz\vendor\laravel\framework\src\Illuminate\Routing\Route.php(265): Illuminate\Routing\ControllerDispatcher->dispatch(Object(Illuminate\Routing\Route), Object(App\Http\Controllers\Api\AuthController), 'handleGoogleCal...')
#18 C:\Projects\Laravel\zimmz\vendor\laravel\framework\src\Illuminate\Routing\Route.php(211): Illuminate\Routing\Route->runController()
#19 C:\Projects\Laravel\zimmz\vendor\laravel\framework\src\Illuminate\Routing\Router.php(822): Illuminate\Routing\Route->run()
#20 C:\Projects\Laravel\zimmz\vendor\laravel\framework\src\Illuminate\Pipeline\Pipeline.php(180): Illuminate\Routing\Router->{closure:Illuminate\Routing\Router::runRouteWithinStack():821}(Object(Illuminate\Http\Request))
#21 C:\Projects\Laravel\zimmz\vendor\laravel\framework\src\Illuminate\Routing\Middleware\SubstituteBindings.php(50): Illuminate\Pipeline\Pipeline->{closure:Illuminate\Pipeline\Pipeline::prepareDestination():178}(Object(Illuminate\Http\Request))
#22 C:\Projects\Laravel\zimmz\vendor\laravel\framework\src\Illuminate\Pipeline\Pipeline.php(219): Illuminate\Routing\Middleware\SubstituteBindings->handle(Object(Illuminate\Http\Request), Object(Closure))
#23 C:\Projects\Laravel\zimmz\vendor\laravel\framework\src\Illuminate\Pipeline\Pipeline.php(137): Illuminate\Pipeline\Pipeline->{closure:{closure:Illuminate\Pipeline\Pipeline::carry():194}:195}(Object(Illuminate\Http\Request))
#24 C:\Projects\Laravel\zimmz\vendor\laravel\framework\src\Illuminate\Routing\Router.php(821): Illuminate\Pipeline\Pipeline->then(Object(Closure))
#25 C:\Projects\Laravel\zimmz\vendor\laravel\framework\src\Illuminate\Routing\Router.php(800): Illuminate\Routing\Router->runRouteWithinStack(Object(Illuminate\Routing\Route), Object(Illuminate\Http\Request))
#26 C:\Projects\Laravel\zimmz\vendor\laravel\framework\src\Illuminate\Routing\Router.php(764): Illuminate\Routing\Router->runRoute(Object(Illuminate\Http\Request), Object(Illuminate\Routing\Route))
#27 C:\Projects\Laravel\zimmz\vendor\laravel\framework\src\Illuminate\Routing\Router.php(753): Illuminate\Routing\Router->dispatchToRoute(Object(Illuminate\Http\Request))
#28 C:\Projects\Laravel\zimmz\vendor\laravel\framework\src\Illuminate\Foundation\Http\Kernel.php(200): Illuminate\Routing\Router->dispatch(Object(Illuminate\Http\Request))
#29 C:\Projects\Laravel\zimmz\vendor\laravel\framework\src\Illuminate\Pipeline\Pipeline.php(180): Illuminate\Foundation\Http\Kernel->{closure:Illuminate\Foundation\Http\Kernel::dispatchToRouter():197}(Object(Illuminate\Http\Request))
#30 C:\Projects\Laravel\zimmz\app\Http\Middleware\NgrokForceHttpsMiddleware.php(21): Illuminate\Pipeline\Pipeline->{closure:Illuminate\Pipeline\Pipeline::prepareDestination():178}(Object(Illuminate\Http\Request))
#31 C:\Projects\Laravel\zimmz\vendor\laravel\framework\src\Illuminate\Pipeline\Pipeline.php(219): App\Http\Middleware\NgrokForceHttpsMiddleware->handle(Object(Illuminate\Http\Request), Object(Closure))
#32 C:\Projects\Laravel\zimmz\vendor\laravel\framework\src\Illuminate\Foundation\Http\Middleware\TransformsRequest.php(21): Illuminate\Pipeline\Pipeline->{closure:{closure:Illuminate\Pipeline\Pipeline::carry():194}:195}(Object(Illuminate\Http\Request))
#33 C:\Projects\Laravel\zimmz\vendor\laravel\framework\src\Illuminate\Foundation\Http\Middleware\ConvertEmptyStringsToNull.php(31): Illuminate\Foundation\Http\Middleware\TransformsRequest->handle(Object(Illuminate\Http\Request), Object(Closure))
#34 C:\Projects\Laravel\zimmz\vendor\laravel\framework\src\Illuminate\Pipeline\Pipeline.php(219): Illuminate\Foundation\Http\Middleware\ConvertEmptyStringsToNull->handle(Object(Illuminate\Http\Request), Object(Closure))
#35 C:\Projects\Laravel\zimmz\vendor\laravel\framework\src\Illuminate\Foundation\Http\Middleware\TransformsRequest.php(21): Illuminate\Pipeline\Pipeline->{closure:{closure:Illuminate\Pipeline\Pipeline::carry():194}:195}(Object(Illuminate\Http\Request))
#36 C:\Projects\Laravel\zimmz\vendor\laravel\framework\src\Illuminate\Foundation\Http\Middleware\TrimStrings.php(51): Illuminate\Foundation\Http\Middleware\TransformsRequest->handle(Object(Illuminate\Http\Request), Object(Closure))
#37 C:\Projects\Laravel\zimmz\vendor\laravel\framework\src\Illuminate\Pipeline\Pipeline.php(219): Illuminate\Foundation\Http\Middleware\TrimStrings->handle(Object(Illuminate\Http\Request), Object(Closure))
#38 C:\Projects\Laravel\zimmz\vendor\laravel\framework\src\Illuminate\Http\Middleware\ValidatePostSize.php(27): Illuminate\Pipeline\Pipeline->{closure:{closure:Illuminate\Pipeline\Pipeline::carry():194}:195}(Object(Illuminate\Http\Request))
#39 C:\Projects\Laravel\zimmz\vendor\laravel\framework\src\Illuminate\Pipeline\Pipeline.php(219): Illuminate\Http\Middleware\ValidatePostSize->handle(Object(Illuminate\Http\Request), Object(Closure))
#40 C:\Projects\Laravel\zimmz\vendor\laravel\framework\src\Illuminate\Foundation\Http\Middleware\PreventRequestsDuringMaintenance.php(109): Illuminate\Pipeline\Pipeline->{closure:{closure:Illuminate\Pipeline\Pipeline::carry():194}:195}(Object(Illuminate\Http\Request))
#41 C:\Projects\Laravel\zimmz\vendor\laravel\framework\src\Illuminate\Pipeline\Pipeline.php(219): Illuminate\Foundation\Http\Middleware\PreventRequestsDuringMaintenance->handle(Object(Illuminate\Http\Request), Object(Closure))
#42 C:\Projects\Laravel\zimmz\vendor\laravel\framework\src\Illuminate\Http\Middleware\HandleCors.php(74): Illuminate\Pipeline\Pipeline->{closure:{closure:Illuminate\Pipeline\Pipeline::carry():194}:195}(Object(Illuminate\Http\Request))
#43 C:\Projects\Laravel\zimmz\vendor\laravel\framework\src\Illuminate\Pipeline\Pipeline.php(219): Illuminate\Http\Middleware\HandleCors->handle(Object(Illuminate\Http\Request), Object(Closure))
#44 C:\Projects\Laravel\zimmz\vendor\laravel\framework\src\Illuminate\Http\Middleware\TrustProxies.php(58): Illuminate\Pipeline\Pipeline->{closure:{closure:Illuminate\Pipeline\Pipeline::carry():194}:195}(Object(Illuminate\Http\Request))
#45 C:\Projects\Laravel\zimmz\vendor\laravel\framework\src\Illuminate\Pipeline\Pipeline.php(219): Illuminate\Http\Middleware\TrustProxies->handle(Object(Illuminate\Http\Request), Object(Closure))
#46 C:\Projects\Laravel\zimmz\vendor\laravel\framework\src\Illuminate\Foundation\Http\Middleware\InvokeDeferredCallbacks.php(22): Illuminate\Pipeline\Pipeline->{closure:{closure:Illuminate\Pipeline\Pipeline::carry():194}:195}(Object(Illuminate\Http\Request))
#47 C:\Projects\Laravel\zimmz\vendor\laravel\framework\src\Illuminate\Pipeline\Pipeline.php(219): Illuminate\Foundation\Http\Middleware\InvokeDeferredCallbacks->handle(Object(Illuminate\Http\Request), Object(Closure))
#48 C:\Projects\Laravel\zimmz\vendor\laravel\framework\src\Illuminate\Http\Middleware\ValidatePathEncoding.php(26): Illuminate\Pipeline\Pipeline->{closure:{closure:Illuminate\Pipeline\Pipeline::carry():194}:195}(Object(Illuminate\Http\Request))
#49 C:\Projects\Laravel\zimmz\vendor\laravel\framework\src\Illuminate\Pipeline\Pipeline.php(219): Illuminate\Http\Middleware\ValidatePathEncoding->handle(Object(Illuminate\Http\Request), Object(Closure))
#50 C:\Projects\Laravel\zimmz\vendor\laravel\framework\src\Illuminate\Pipeline\Pipeline.php(137): Illuminate\Pipeline\Pipeline->{closure:{closure:Illuminate\Pipeline\Pipeline::carry():194}:195}(Object(Illuminate\Http\Request))
#51 C:\Projects\Laravel\zimmz\vendor\laravel\framework\src\Illuminate\Foundation\Http\Kernel.php(175): Illuminate\Pipeline\Pipeline->then(Object(Closure))
#52 C:\Projects\Laravel\zimmz\vendor\laravel\framework\src\Illuminate\Foundation\Http\Kernel.php(144): Illuminate\Foundation\Http\Kernel->sendRequestThroughRouter(Object(Illuminate\Http\Request))
#53 C:\Projects\Laravel\zimmz\vendor\laravel\framework\src\Illuminate\Foundation\Testing\Concerns\MakesHttpRequests.php(607): Illuminate\Foundation\Http\Kernel->handle(Object(Illuminate\Http\Request))
#54 C:\Projects\Laravel\zimmz\vendor\laravel\framework\src\Illuminate\Foundation\Testing\Concerns\MakesHttpRequests.php(573): Illuminate\Foundation\Testing\TestCase->call('GET', '/api/auth/googl...', Array, Array, Array, Array, '[]')
#55 C:\Projects\Laravel\zimmz\vendor\laravel\framework\src\Illuminate\Foundation\Testing\Concerns\MakesHttpRequests.php(381): Illuminate\Foundation\Testing\TestCase->json('GET', '/api/auth/googl...', Array, Array, 0)
#56 C:\Projects\Laravel\zimmz\tests\Feature\Api\GoogleAuthTest.php(57): Illuminate\Foundation\Testing\TestCase->getJson('/api/auth/googl...')
#57 C:\Projects\Laravel\zimmz\vendor\pestphp\pest\src\Factories\TestCaseMethodFactory.php(168): P\Tests\Feature\Api\GoogleAuthTest->{closure:C:\Projects\Laravel\zimmz\tests\Feature\Api\GoogleAuthTest.php:45}()
#58 [internal function]: P\Tests\Feature\Api\GoogleAuthTest->{closure:Pest\Factories\TestCaseMethodFactory::getClosure():158}()
#59 C:\Projects\Laravel\zimmz\vendor\pestphp\pest\src\Concerns\Testable.php(429): call_user_func_array(Object(Closure), Array)
#60 C:\Projects\Laravel\zimmz\vendor\pestphp\pest\src\Support\ExceptionTrace.php(26): P\Tests\Feature\Api\GoogleAuthTest->{closure:Pest\Concerns\Testable::__callClosure():429}()
#61 C:\Projects\Laravel\zimmz\vendor\pestphp\pest\src\Concerns\Testable.php(429): Pest\Support\ExceptionTrace::ensure(Object(Closure))
#62 C:\Projects\Laravel\zimmz\vendor\pestphp\pest\src\Concerns\Testable.php(331): P\Tests\Feature\Api\GoogleAuthTest->__callClosure(Object(Closure), Array)
#63 C:\Projects\Laravel\zimmz\vendor\pestphp\pest\src\Factories\TestCaseFactory.php(169) : eval()'d code(35): P\Tests\Feature\Api\GoogleAuthTest->__runTest(Object(Closure))
#64 C:\Projects\Laravel\zimmz\vendor\phpunit\phpunit\src\Framework\TestCase.php(1332): P\Tests\Feature\Api\GoogleAuthTest->__pest_evaluable_it_handles_google_callback_and_creates_a_new_runner()
#65 C:\Projects\Laravel\zimmz\vendor\phpunit\phpunit\src\Framework\TestCase.php(519): PHPUnit\Framework\TestCase->runTest()
#66 C:\Projects\Laravel\zimmz\vendor\phpunit\phpunit\src\Framework\TestRunner\TestRunner.php(99): PHPUnit\Framework\TestCase->runBare()
#67 C:\Projects\Laravel\zimmz\vendor\phpunit\phpunit\src\Framework\TestCase.php(359): PHPUnit\Framework\TestRunner->run(Object(P\Tests\Feature\Api\GoogleAuthTest))
#68 C:\Projects\Laravel\zimmz\vendor\phpunit\phpunit\src\Framework\TestSuite.php(374): PHPUnit\Framework\TestCase->run()
#69 C:\Projects\Laravel\zimmz\vendor\phpunit\phpunit\src\Framework\TestSuite.php(374): PHPUnit\Framework\TestSuite->run()
#70 C:\Projects\Laravel\zimmz\vendor\phpunit\phpunit\src\Framework\TestSuite.php(374): PHPUnit\Framework\TestSuite->run()
#71 C:\Projects\Laravel\zimmz\vendor\phpunit\phpunit\src\TextUI\TestRunner.php(64): PHPUnit\Framework\TestSuite->run()
#72 C:\Projects\Laravel\zimmz\vendor\phpunit\phpunit\src\TextUI\Application.php(229): PHPUnit\TextUI\TestRunner->run(Object(PHPUnit\TextUI\Configuration\Configuration), Object(PHPUnit\Runner\ResultCache\DefaultResultCache), Object(PHPUnit\Framework\TestSuite))
#73 C:\Projects\Laravel\zimmz\vendor\pestphp\pest\src\Kernel.php(103): PHPUnit\TextUI\Application->run(Array)
#74 C:\Projects\Laravel\zimmz\vendor\pestphp\pest\bin\pest(184): Pest\Kernel->handle(Array, Array)
#75 C:\Projects\Laravel\zimmz\vendor\pestphp\pest\bin\pest(192): {closure:C:\Projects\Laravel\zimmz\vendor\pestphp\pest\bin\pest:18}()
#76 {main}

----------------------------------------------------------------------------------

SQLSTATE[23000]: Integrity constraint violation: 19 NOT NULL constraint failed: runners.category (Connection: sqlite, Database: :memory:, SQL: insert into "runners" ("user_id", "type", "updated_at", "created_at") values (1, registered, 2026-03-18 08:40:38, 2026-03-18 08:40:38))

  at tests\Feature\Api\GoogleAuthTest.php:59
     55Γûò     Socialite::shouldReceive('driver')->with('google')->andReturn($provider);
     56Γûò 
     57Γûò     $response = $this->getJson('/api/auth/google/callback?state=role=runner');
     58Γûò 
  Γ₧£  59Γûò     $response->assertStatus(200);
     60Γûò 
     61Γûò     $user = User::where('email', 'runner@example.com')->first();
     62Γûò     expect($user->role)->toBe('runner');
     63Γûò


  Tests:    1 failed, 3 passed (12 assertions)
  Duration: 0.71s

